ID,resourceRequest_ID,resource_ID,bookedCapacityInMinutes,MODIFIEDAT,CREATEDAT,CREATEDBY,MODIFIEDBY