ID,resourceRequest_ID,resource_ID,bookedCapacityInMinutes,MODIFIEDAT,CREATEDAT,CREATEDBY,MODIFIEDBY
4a3bb678-157c-32ae-a56c-87acb1d2ae23,8ab7b453-13ef-1282-1152-7f37d74a4473,11941a86-d7df-4cc1-90bd-643028812cab,8880,,,,