ID,assignment_ID,startTime,bookedCapacityInMinutes,CapacityRequirement_ID
39004087-255f-424d-b7f9-a0f0194fb004,53011f5d-31c0-44f6-b3f7-592fc33a0a74,2019-10-01 00:00:00,420,40a000eb-6bf9-4223-a5e0-579e71b09d78
b1c0b8a7-7f9b-4e86-ab67-5180200140e6,53011f5d-31c0-44f6-b3f7-592fc33a0a74,2019-10-02 00:00:00,420,40a000eb-6bf9-4223-a5e0-579e71b09d78
70cc6c6f-6c52-4cd5-bb2e-b168eeaee5bb,53011f5d-31c0-44f6-b3f7-592fc33a0a74,2019-10-03 00:00:00,420,40a000eb-6bf9-4223-a5e0-579e71b09d78
aa2de14d-3332-4c48-8bef-f03e2d62e5ac,53011f5d-31c0-44f6-b3f7-592fc33a0a74,2019-10-04 00:00:00,420,40a000eb-6bf9-4223-a5e0-579e71b09d78
d5a09894-5daa-4b02-b985-f4d4bf604e87,53011f5d-31c0-44f6-b3f7-592fc33a0a74,2019-10-07 00:00:00,420,40a000eb-6bf9-4223-a5e0-579e71b09d78
097b8b0d-1b08-46db-b43f-d90f25f8dfe8,53011f5d-31c0-44f6-b3f7-592fc33a0a74,2019-10-08 00:00:00,420,40a000eb-6bf9-4223-a5e0-579e71b09d78
83130d9f-62d2-4ddf-a62a-7fdfaa617300,53011f5d-31c0-44f6-b3f7-592fc33a0a74,2019-10-09 00:00:00,420,40a000eb-6bf9-4223-a5e0-579e71b09d78
84017f6b-1cc0-4f2c-8c91-6ad975288328,53011f5d-31c0-44f6-b3f7-592fc33a0a74,2019-10-10 00:00:00,420,40a000eb-6bf9-4223-a5e0-579e71b09d78
ac9a6118-bc2a-4aeb-8d5a-1a7e641a8ca8,53011f5d-31c0-44f6-b3f7-592fc33a0a74,2019-10-11 00:00:00,420,40a000eb-6bf9-4223-a5e0-579e71b09d78
8bff279f-3dff-4e6a-af27-e00ab95ee0bf,53011f5d-31c0-44f6-b3f7-592fc33a0a74,2019-10-14 00:00:00,420,40a000eb-6bf9-4223-a5e0-579e71b09d78
de1d7af7-cfe9-4bf0-97e9-e69e52fa8f55,53011f5d-31c0-44f6-b3f7-592fc33a0a74,2019-10-15 00:00:00,420,40a000eb-6bf9-4223-a5e0-579e71b09d78
04aa4acc-fd21-463a-b30f-06e30c44a234,53011f5d-31c0-44f6-b3f7-592fc33a0a74,2019-10-16 00:00:00,420,40a000eb-6bf9-4223-a5e0-579e71b09d78
e661a9b8-6377-45a1-8c18-ee0b6217acbb,53011f5d-31c0-44f6-b3f7-592fc33a0a74,2019-10-17 00:00:00,420,40a000eb-6bf9-4223-a5e0-579e71b09d78
a57389c9-815e-4497-bf7a-99b462308939,53011f5d-31c0-44f6-b3f7-592fc33a0a74,2019-10-18 00:00:00,420,40a000eb-6bf9-4223-a5e0-579e71b09d78
e777da0f-2fe2-4cdc-91f6-8701a103b693,53011f5d-31c0-44f6-b3f7-592fc33a0a74,2019-10-21 00:00:00,420,40a000eb-6bf9-4223-a5e0-579e71b09d78
39ed5c39-25fb-409a-a3ee-e620ec0c8cb0,53011f5d-31c0-44f6-b3f7-592fc33a0a74,2019-10-22 00:00:00,420,40a000eb-6bf9-4223-a5e0-579e71b09d78
6ceb4d2d-d198-4a7e-a209-80813f233ef3,53011f5d-31c0-44f6-b3f7-592fc33a0a74,2019-10-23 00:00:00,420,40a000eb-6bf9-4223-a5e0-579e71b09d78
600f79aa-ddc4-4701-af28-99a35880cbf0,53011f5d-31c0-44f6-b3f7-592fc33a0a74,2019-10-24 00:00:00,420,40a000eb-6bf9-4223-a5e0-579e71b09d78
d2d23c10-71a3-48d4-9a12-afc008738cab,53011f5d-31c0-44f6-b3f7-592fc33a0a74,2019-10-25 00:00:00,420,40a000eb-6bf9-4223-a5e0-579e71b09d78
5d3b40a6-72f7-453b-adc7-ad0b13fbf280,53011f5d-31c0-44f6-b3f7-592fc33a0a74,2019-10-28 00:00:00,420,40a000eb-6bf9-4223-a5e0-579e71b09d78
aa664bd4-037b-4231-8854-7807afcfe8d3,53011f5d-31c0-44f6-b3f7-592fc33a0a74,2019-10-29 00:00:00,420,40a000eb-6bf9-4223-a5e0-579e71b09d78
aedcabcb-4b11-4df7-bc2a-d6720f81f842,53011f5d-31c0-44f6-b3f7-592fc33a0a74,2019-10-30 00:00:00,420,40a000eb-6bf9-4223-a5e0-579e71b09d78
e716069b-151d-47fe-804c-32a19006abf3,53011f5d-31c0-44f6-b3f7-592fc33a0a74,2019-10-31 00:00:00,420,40a000eb-6bf9-4223-a5e0-579e71b09d78
ec2f2592-a4b0-4f78-9321-5d0c826017e0,53011f5d-31c0-44f6-b3f7-592fc33a0a74,2019-11-01 00:00:00,420,3afb06bf-be78-40a0-b9fd-031f08a4cbd6
aaff492e-e678-47b4-9c25-0a8f0cbd87ab,53011f5d-31c0-44f6-b3f7-592fc33a0a74,2019-11-04 00:00:00,420,3afb06bf-be78-40a0-b9fd-031f08a4cbd6
90acebf6-f907-41e1-a4e3-495813cfd328,53011f5d-31c0-44f6-b3f7-592fc33a0a74,2019-11-05 00:00:00,420,3afb06bf-be78-40a0-b9fd-031f08a4cbd6
13186090-c86d-4d98-ad68-014397770bcd,53011f5d-31c0-44f6-b3f7-592fc33a0a74,2019-11-06 00:00:00,420,3afb06bf-be78-40a0-b9fd-031f08a4cbd6
fde3dab9-58c3-4240-9129-538b88ea0990,53011f5d-31c0-44f6-b3f7-592fc33a0a74,2019-11-07 00:00:00,420,3afb06bf-be78-40a0-b9fd-031f08a4cbd6
ff404aa2-4a5c-4808-98d8-a3041e84bfcb,53011f5d-31c0-44f6-b3f7-592fc33a0a74,2019-11-08 00:00:00,360,3afb06bf-be78-40a0-b9fd-031f08a4cbd6
6ace9405-e210-4322-926d-e8a04ac4ca84,53011f5d-31c0-44f6-b3f7-592fc33a0a74,2019-11-11 00:00:00,360,3afb06bf-be78-40a0-b9fd-031f08a4cbd6
2bdda840-7e06-45ad-b6b1-e21628180599,53011f5d-31c0-44f6-b3f7-592fc33a0a74,2019-11-12 00:00:00,360,3afb06bf-be78-40a0-b9fd-031f08a4cbd6
6da7e7e8-773e-46b1-b653-60095d48b6f1,53011f5d-31c0-44f6-b3f7-592fc33a0a74,2019-11-13 00:00:00,360,3afb06bf-be78-40a0-b9fd-031f08a4cbd6
d4dace65-813c-468d-90a5-3b27ef8a523e,53011f5d-31c0-44f6-b3f7-592fc33a0a74,2019-11-14 00:00:00,360,3afb06bf-be78-40a0-b9fd-031f08a4cbd6
28c5aa74-998b-46d9-bf29-420333f8b89f,53011f5d-31c0-44f6-b3f7-592fc33a0a74,2019-11-15 00:00:00,360,3afb06bf-be78-40a0-b9fd-031f08a4cbd6
f5377c9b-0926-4634-9f77-b044e3e91ca8,53011f5d-31c0-44f6-b3f7-592fc33a0a74,2019-11-18 00:00:00,360,3afb06bf-be78-40a0-b9fd-031f08a4cbd6
385ebfff-4fa1-494b-8658-5c8a11c9cb05,53011f5d-31c0-44f6-b3f7-592fc33a0a74,2019-11-19 00:00:00,360,3afb06bf-be78-40a0-b9fd-031f08a4cbd6
36509677-0a17-4524-97ec-b0aa3200722e,53011f5d-31c0-44f6-b3f7-592fc33a0a74,2019-11-20 00:00:00,360,3afb06bf-be78-40a0-b9fd-031f08a4cbd6
917c0945-aa81-4811-b132-074ff3296030,53011f5d-31c0-44f6-b3f7-592fc33a0a74,2019-11-21 00:00:00,360,3afb06bf-be78-40a0-b9fd-031f08a4cbd6
20858184-eb54-4faa-8ac8-046d9300e02a,53011f5d-31c0-44f6-b3f7-592fc33a0a74,2019-11-22 00:00:00,360,3afb06bf-be78-40a0-b9fd-031f08a4cbd6
bdf96de1-dfe5-44d8-bb64-ff762ee81c2d,53011f5d-31c0-44f6-b3f7-592fc33a0a74,2019-11-25 00:00:00,360,3afb06bf-be78-40a0-b9fd-031f08a4cbd6
52b8fd83-a463-430b-b94c-9fd71e07a71f,53011f5d-31c0-44f6-b3f7-592fc33a0a74,2019-11-26 00:00:00,360,3afb06bf-be78-40a0-b9fd-031f08a4cbd6
8d11a0e0-e9a1-4a70-9750-33931bd86111,53011f5d-31c0-44f6-b3f7-592fc33a0a74,2019-11-27 00:00:00,360,3afb06bf-be78-40a0-b9fd-031f08a4cbd6
490be32e-10bb-482b-bc1d-1b9c1bbab67e,53011f5d-31c0-44f6-b3f7-592fc33a0a74,2019-11-28 00:00:00,360,3afb06bf-be78-40a0-b9fd-031f08a4cbd6
de76a439-4992-4af2-bd61-0db73a173069,53011f5d-31c0-44f6-b3f7-592fc33a0a74,2019-11-29 00:00:00,360,3afb06bf-be78-40a0-b9fd-031f08a4cbd6
fe51fc48-1fa0-4f58-9ea4-4b0e9dcbb51b,53011f5d-31c0-44f6-b3f7-592fc33a0a74,2019-12-02 00:00:00,360,1f762ad7-5fb5-4ebb-93bf-c3815b2fdc12
b30bf059-db19-44a4-b595-1e4b888fa92c,53011f5d-31c0-44f6-b3f7-592fc33a0a74,2019-12-03 00:00:00,360,1f762ad7-5fb5-4ebb-93bf-c3815b2fdc12
ea517c43-99e0-4dcb-8719-dc239f2f0670,53011f5d-31c0-44f6-b3f7-592fc33a0a74,2019-12-04 00:00:00,360,1f762ad7-5fb5-4ebb-93bf-c3815b2fdc12
93984b6a-a14b-4048-b9fb-9836636fa3cd,53011f5d-31c0-44f6-b3f7-592fc33a0a74,2019-12-05 00:00:00,360,1f762ad7-5fb5-4ebb-93bf-c3815b2fdc12
f83a756b-e15b-4d32-89d1-2ff8615c59f7,53011f5d-31c0-44f6-b3f7-592fc33a0a74,2019-12-06 00:00:00,360,1f762ad7-5fb5-4ebb-93bf-c3815b2fdc12
8572d7df-5204-42f5-b9e4-e7be8f5da82e,53011f5d-31c0-44f6-b3f7-592fc33a0a74,2019-12-09 00:00:00,360,1f762ad7-5fb5-4ebb-93bf-c3815b2fdc12
7d0b56fa-d67e-4c0d-b959-bd6922f74f12,53011f5d-31c0-44f6-b3f7-592fc33a0a74,2019-12-10 00:00:00,360,1f762ad7-5fb5-4ebb-93bf-c3815b2fdc12
30b340d6-8e20-4a8b-9c50-c0f455aae541,53011f5d-31c0-44f6-b3f7-592fc33a0a74,2019-12-11 00:00:00,360,1f762ad7-5fb5-4ebb-93bf-c3815b2fdc12
d3187f7a-8799-473f-b036-1573fdc4ef2e,53011f5d-31c0-44f6-b3f7-592fc33a0a74,2019-12-12 00:00:00,360,1f762ad7-5fb5-4ebb-93bf-c3815b2fdc12
08ad757d-8270-4e22-99be-252508df90ce,53011f5d-31c0-44f6-b3f7-592fc33a0a74,2019-12-13 00:00:00,360,1f762ad7-5fb5-4ebb-93bf-c3815b2fdc12
2f1f5d69-da56-4e3b-9399-6fe49741ee37,53011f5d-31c0-44f6-b3f7-592fc33a0a74,2019-12-16 00:00:00,360,1f762ad7-5fb5-4ebb-93bf-c3815b2fdc12
da9ac508-5995-4e3a-a448-1f2933392417,53011f5d-31c0-44f6-b3f7-592fc33a0a74,2019-12-17 00:00:00,360,1f762ad7-5fb5-4ebb-93bf-c3815b2fdc12
5af4524c-edb3-4483-9859-cab2284efcf0,53011f5d-31c0-44f6-b3f7-592fc33a0a74,2019-12-18 00:00:00,360,1f762ad7-5fb5-4ebb-93bf-c3815b2fdc12
510280b9-922a-4812-9bc8-55f34314b5cb,53011f5d-31c0-44f6-b3f7-592fc33a0a74,2019-12-19 00:00:00,360,1f762ad7-5fb5-4ebb-93bf-c3815b2fdc12
7506ba6c-4879-4b25-8440-80e745e7fcf2,53011f5d-31c0-44f6-b3f7-592fc33a0a74,2019-12-20 00:00:00,360,1f762ad7-5fb5-4ebb-93bf-c3815b2fdc12
15bbc3ea-da25-42c1-9df4-d0f6aed1f4d3,53011f5d-31c0-44f6-b3f7-592fc33a0a74,2019-12-23 00:00:00,360,1f762ad7-5fb5-4ebb-93bf-c3815b2fdc12
b9564248-2d58-43e4-95ce-20592ce40892,53011f5d-31c0-44f6-b3f7-592fc33a0a74,2019-12-24 00:00:00,360,1f762ad7-5fb5-4ebb-93bf-c3815b2fdc12
466b18ec-cafd-4868-9565-8b2e467be972,53011f5d-31c0-44f6-b3f7-592fc33a0a74,2019-12-25 00:00:00,360,1f762ad7-5fb5-4ebb-93bf-c3815b2fdc12
48a7a6a2-cc8d-4dc7-a6a2-6a8144ae08ed,53011f5d-31c0-44f6-b3f7-592fc33a0a74,2019-12-26 00:00:00,360,1f762ad7-5fb5-4ebb-93bf-c3815b2fdc12
63cc87cb-ea74-40aa-8151-e04f12c75527,53011f5d-31c0-44f6-b3f7-592fc33a0a74,2019-12-27 00:00:00,360,1f762ad7-5fb5-4ebb-93bf-c3815b2fdc12
a12a83e7-2e5e-4967-a4e1-3671dc185d5b,53011f5d-31c0-44f6-b3f7-592fc33a0a74,2019-12-30 00:00:00,360,1f762ad7-5fb5-4ebb-93bf-c3815b2fdc12
a150acbd-bebd-414f-bc70-c7b81600b841,53011f5d-31c0-44f6-b3f7-592fc33a0a74,2019-12-31 00:00:00,360,1f762ad7-5fb5-4ebb-93bf-c3815b2fdc12