ID,resourceRequest_ID,resource_ID,bookedCapacityInMinutes,MODIFIEDAT,CREATEDAT,CREATEDBY,MODIFIEDBY
c43f65d6-cf6f-4120-81bc-6d7db87c3f47,b2bd4ab7-dbd3-45ed-a5d3-90b1d33a285b,6806862a-3788-441c-9b00-bd52013711b3,25440,,,,