ID,resourceRequest_ID,resource_ID,bookedCapacityInMinutes,MODIFIEDAT,CREATEDAT,CREATEDBY,MODIFIEDBY
ded633ef-0de9-4d5f-878e-118fd3d3424f,b2bd4ab7-dbd3-45ed-a5d3-90b1d33a285b,d771ad92-26e5-4aed-9173-49406112b5b2,25440,,,,