ID,resourceRequest_ID,resource_ID,bookedCapacityInMinutes,MODIFIEDAT,CREATEDAT,CREATEDBY,MODIFIEDBY
bf4bf098-158e-4ddc-b47a-87acb1d26c74,b2bd4ab7-dbd3-45ed-a5d3-90b1d33a285b,6806862a-3788-441c-9b00-bd52013711b3,25440,,,,