ID,resourceRequest_ID,resource_ID,bookedCapacityInMinutes,MODIFIEDAT,CREATEDAT,CREATEDBY,MODIFIEDBY
65ae3a4e-cd71-4371-912b-8772a175af5e,4cc7b653-67f2-449a-9852-7f37d64c5931,6806862a-3788-441c-9b00-bd52013711b3,12000,,,,