ID,timePeriod,utilization,bookedHours,availableHours,freeHours,utilizationColor
6806862a-3788-441c-9b00-bd52013711b3,2021-10-01,75,6,8,2,2
6806862a-3788-441c-9b00-bd52013711b3,2021-10-02,75,6,8,2,2
6806862a-3788-441c-9b00-bd52013711b3,2021-10-05,0,0,8,8,1
6806862a-3788-441c-9b00-bd52013711b3,2021-10-06,0,0,8,8,1
6806862a-3788-441c-9b00-bd52013711b3,2021-10-07,75,6,8,2,2
6806862a-3788-441c-9b00-bd52013711b3,2021-10-08,63,5,8,3,1
6806862a-3788-441c-9b00-bd52013711b3,2021-10-09,63,5,8,3,1
6806862a-3788-441c-9b00-bd52013711b3,2021-10-12,0,0,8,8,1
6806862a-3788-441c-9b00-bd52013711b3,2021-10-13,0,0,8,8,1
6806862a-3788-441c-9b00-bd52013711b3,2021-10-14,63,5,8,3,1
6806862a-3788-441c-9b00-bd52013711b3,2021-10-15,63,5,8,3,1
6806862a-3788-441c-9b00-bd52013711b3,2021-10-16,63,5,8,3,1
6806862a-3788-441c-9b00-bd52013711b3,2021-10-18,63,5,8,3,1
6806862a-3788-441c-9b00-bd52013711b3,2021-10-19,0,0,8,8,1
6806862a-3788-441c-9b00-bd52013711b3,2021-10-20,0,0,8,8,1
6806862a-3788-441c-9b00-bd52013711b3,2021-10-21,63,5,8,3,1
6806862a-3788-441c-9b00-bd52013711b3,2021-10-22,63,5,8,3,1
6806862a-3788-441c-9b00-bd52013711b3,2021-10-23,63,5,8,3,1
6806862a-3788-441c-9b00-bd52013711b3,2021-10-24,63,5,8,3,1
6806862a-3788-441c-9b00-bd52013711b3,2021-10-25,63,5,8,3,1
6806862a-3788-441c-9b00-bd52013711b3,2021-10-26,0,0,8,8,1
6806862a-3788-441c-9b00-bd52013711b3,2021-10-27,0,0,8,8,1
6806862a-3788-441c-9b00-bd52013711b3,2021-10-28,63,5,8,3,1
6806862a-3788-441c-9b00-bd52013711b3,2021-10-29,63,5,8,3,1
6806862a-3788-441c-9b00-bd52013711b3,2021-10-30,63,5,8,3,1
6806862a-3788-441c-9b00-bd52013711b3,2021-11-02,0,0,8,8,1
6806862a-3788-441c-9b00-bd52013711b3,2021-11-03,0,0,8,8,1
6806862a-3788-441c-9b00-bd52013711b3,2021-11-04,0,0,8,8,1
6806862a-3788-441c-9b00-bd52013711b3,2021-11-05,0,0,8,8,1
6806862a-3788-441c-9b00-bd52013711b3,2021-11-06,0,0,8,8,1
6806862a-3788-441c-9b00-bd52013711b3,2021-11-09,0,0,8,8,1
6806862a-3788-441c-9b00-bd52013711b3,2021-11-10,0,0,8,8,1
6806862a-3788-441c-9b00-bd52013711b3,2021-11-11,0,0,8,8,1
6806862a-3788-441c-9b00-bd52013711b3,2021-11-12,0,0,8,8,1
6806862a-3788-441c-9b00-bd52013711b3,2021-11-13,0,0,8,8,1
6806862a-3788-441c-9b00-bd52013711b3,2021-11-16,0,0,8,8,1
6806862a-3788-441c-9b00-bd52013711b3,2021-11-17,0,0,8,8,1
6806862a-3788-441c-9b00-bd52013711b3,2021-11-18,0,0,8,8,1
6806862a-3788-441c-9b00-bd52013711b3,2021-11-19,0,0,8,8,1
6806862a-3788-441c-9b00-bd52013711b3,2021-11-20,0,0,8,8,1
6806862a-3788-441c-9b00-bd52013711b3,2021-11-23,0,0,8,8,1
6806862a-3788-441c-9b00-bd52013711b3,2021-11-24,0,0,8,8,1
6806862a-3788-441c-9b00-bd52013711b3,2021-11-25,0,0,8,8,1
6806862a-3788-441c-9b00-bd52013711b3,2021-11-26,0,0,8,8,1
6806862a-3788-441c-9b00-bd52013711b3,2021-11-27,0,0,8,8,1
6806862a-3788-441c-9b00-bd52013711b3,2021-11-30,0,0,8,8,1
6806862a-3788-441c-9b00-bd52013711b3,2021-12-01,0,0,8,8,1
6806862a-3788-441c-9b00-bd52013711b3,2021-12-02,50,4,8,4,1
6806862a-3788-441c-9b00-bd52013711b3,2021-12-03,50,4,8,4,1
6806862a-3788-441c-9b00-bd52013711b3,2021-12-04,50,4,8,4,1
6806862a-3788-441c-9b00-bd52013711b3,2021-12-07,0,0,8,8,1
6806862a-3788-441c-9b00-bd52013711b3,2021-12-08,0,0,8,8,1
6806862a-3788-441c-9b00-bd52013711b3,2021-12-09,50,4,8,4,1
6806862a-3788-441c-9b00-bd52013711b3,2021-12-10,50,4,8,4,1
6806862a-3788-441c-9b00-bd52013711b3,2021-12-11,50,4,8,4,1
6806862a-3788-441c-9b00-bd52013711b3,2021-12-14,0,0,8,8,1
6806862a-3788-441c-9b00-bd52013711b3,2021-12-15,0,0,8,8,1
6806862a-3788-441c-9b00-bd52013711b3,2021-12-16,50,4,8,4,1
6806862a-3788-441c-9b00-bd52013711b3,2021-12-17,50,4,8,4,1
6806862a-3788-441c-9b00-bd52013711b3,2021-12-18,50,4,8,4,1
6806862a-3788-441c-9b00-bd52013711b3,2021-12-21,0,0,8,8,1
6806862a-3788-441c-9b00-bd52013711b3,2021-12-22,0,0,8,8,1
6806862a-3788-441c-9b00-bd52013711b3,2021-12-23,38,3,8,5,1
6806862a-3788-441c-9b00-bd52013711b3,2021-12-24,38,3,8,5,1
6806862a-3788-441c-9b00-bd52013711b3,2021-12-25,38,3,8,5,1
6806862a-3788-441c-9b00-bd52013711b3,2021-12-28,0,0,8,8,1
6806862a-3788-441c-9b00-bd52013711b3,2021-12-29,0,0,8,8,1
6806862a-3788-441c-9b00-bd52013711b3,2021-12-30,38,3,8,5,1
6806862a-3788-441c-9b00-bd52013711b3,2021-12-31,38,3,8,5,1
e8dd2db2-501f-4f46-8af0-4613a3a3549f,2021-10-01,0,0,-2,-2,1
e8dd2db2-501f-4f46-8af0-4613a3a3549f,2021-10-02,0,0,-2,-2,1
e8dd2db2-501f-4f46-8af0-4613a3a3549f,2021-10-05,0,0,-2,-2,1
e8dd2db2-501f-4f46-8af0-4613a3a3549f,2021-10-06,0,0,-2,-2,1
e8dd2db2-501f-4f46-8af0-4613a3a3549f,2021-10-07,0,0,-2,-2,1
e8dd2db2-501f-4f46-8af0-4613a3a3549f,2021-10-08,0,0,-2,-2,1
e8dd2db2-501f-4f46-8af0-4613a3a3549f,2021-10-09,0,0,-2,-2,1
e8dd2db2-501f-4f46-8af0-4613a3a3549f,2021-10-12,0,0,-2,-2,1
e8dd2db2-501f-4f46-8af0-4613a3a3549f,2021-10-13,0,0,-2,-2,1
e8dd2db2-501f-4f46-8af0-4613a3a3549f,2021-10-14,0,0,-2,-2,1
e8dd2db2-501f-4f46-8af0-4613a3a3549f,2021-10-15,0,0,-2,-2,1
e8dd2db2-501f-4f46-8af0-4613a3a3549f,2021-10-16,0,0,-2,-2,1
e8dd2db2-501f-4f46-8af0-4613a3a3549f,2021-10-19,0,0,-2,-2,1
e8dd2db2-501f-4f46-8af0-4613a3a3549f,2021-10-20,0,0,-2,-2,1
e8dd2db2-501f-4f46-8af0-4613a3a3549f,2021-10-21,0,0,-2,-2,1
e8dd2db2-501f-4f46-8af0-4613a3a3549f,2021-10-22,0,0,-2,-2,1
e8dd2db2-501f-4f46-8af0-4613a3a3549f,2021-10-23,0,0,-2,-2,1
e8dd2db2-501f-4f46-8af0-4613a3a3549f,2021-10-26,0,0,-2,-2,1
e8dd2db2-501f-4f46-8af0-4613a3a3549f,2021-10-27,0,0,-2,-2,1
e8dd2db2-501f-4f46-8af0-4613a3a3549f,2021-10-28,0,0,-2,-2,1
e8dd2db2-501f-4f46-8af0-4613a3a3549f,2021-10-29,0,0,-2,-2,1
e8dd2db2-501f-4f46-8af0-4613a3a3549f,2021-10-30,0,0,-2,-2,1
e8dd2db2-501f-4f46-8af0-4613a3a3549f,2021-11-02,0,0,-2,-2,1
e8dd2db2-501f-4f46-8af0-4613a3a3549f,2021-11-03,0,0,-2,-2,1
e8dd2db2-501f-4f46-8af0-4613a3a3549f,2021-11-04,0,0,-2,-2,1
e8dd2db2-501f-4f46-8af0-4613a3a3549f,2021-11-05,0,0,-2,-2,1
e8dd2db2-501f-4f46-8af0-4613a3a3549f,2021-11-06,0,0,-2,-2,1
e8dd2db2-501f-4f46-8af0-4613a3a3549f,2021-11-09,0,0,-2,-2,1
e8dd2db2-501f-4f46-8af0-4613a3a3549f,2021-11-10,0,0,-2,-2,1
e8dd2db2-501f-4f46-8af0-4613a3a3549f,2021-11-11,0,0,-2,-2,1
e8dd2db2-501f-4f46-8af0-4613a3a3549f,2021-11-12,0,0,-2,-2,1
e8dd2db2-501f-4f46-8af0-4613a3a3549f,2021-11-13,0,0,-2,-2,1
e8dd2db2-501f-4f46-8af0-4613a3a3549f,2021-11-16,0,0,-2,-2,1
e8dd2db2-501f-4f46-8af0-4613a3a3549f,2021-11-17,0,0,-2,-2,1
e8dd2db2-501f-4f46-8af0-4613a3a3549f,2021-11-18,0,0,-2,-2,1
e8dd2db2-501f-4f46-8af0-4613a3a3549f,2021-11-19,0,0,-2,-2,1
e8dd2db2-501f-4f46-8af0-4613a3a3549f,2021-11-20,0,0,-2,-2,1
e8dd2db2-501f-4f46-8af0-4613a3a3549f,2021-11-23,0,0,-2,-2,1
e8dd2db2-501f-4f46-8af0-4613a3a3549f,2021-11-24,0,0,-2,-2,1
e8dd2db2-501f-4f46-8af0-4613a3a3549f,2021-11-25,0,0,-2,-2,1
e8dd2db2-501f-4f46-8af0-4613a3a3549f,2021-11-26,0,0,-2,-2,1
e8dd2db2-501f-4f46-8af0-4613a3a3549f,2021-11-27,0,0,-2,-2,1
e8dd2db2-501f-4f46-8af0-4613a3a3549f,2021-11-30,0,0,-2,-2,1
e8dd2db2-501f-4f46-8af0-4613a3a3549f,2021-12-01,0,0,-2,-2,1
e8dd2db2-501f-4f46-8af0-4613a3a3549f,2021-12-02,0,0,-2,-2,1
e8dd2db2-501f-4f46-8af0-4613a3a3549f,2021-12-03,0,0,-2,-2,1
e8dd2db2-501f-4f46-8af0-4613a3a3549f,2021-12-04,0,0,-2,-2,1
e8dd2db2-501f-4f46-8af0-4613a3a3549f,2021-12-07,0,0,-2,-2,1
e8dd2db2-501f-4f46-8af0-4613a3a3549f,2021-12-08,0,0,-2,-2,1
e8dd2db2-501f-4f46-8af0-4613a3a3549f,2021-12-09,0,0,-2,-2,1
e8dd2db2-501f-4f46-8af0-4613a3a3549f,2021-12-10,0,0,-2,-2,1
e8dd2db2-501f-4f46-8af0-4613a3a3549f,2021-12-11,0,0,-2,-2,1
e8dd2db2-501f-4f46-8af0-4613a3a3549f,2021-12-14,0,0,-2,-2,1
e8dd2db2-501f-4f46-8af0-4613a3a3549f,2021-12-15,0,0,-2,-2,1
e8dd2db2-501f-4f46-8af0-4613a3a3549f,2021-12-16,0,0,-2,-2,1
e8dd2db2-501f-4f46-8af0-4613a3a3549f,2021-12-17,0,0,-2,-2,1
e8dd2db2-501f-4f46-8af0-4613a3a3549f,2021-12-18,0,0,-2,-2,1
e8dd2db2-501f-4f46-8af0-4613a3a3549f,2021-12-21,0,0,-2,-2,1
e8dd2db2-501f-4f46-8af0-4613a3a3549f,2021-12-22,0,0,-2,-2,1
e8dd2db2-501f-4f46-8af0-4613a3a3549f,2021-12-23,0,0,-2,-2,1
e8dd2db2-501f-4f46-8af0-4613a3a3549f,2021-12-24,0,0,-2,-2,1
e8dd2db2-501f-4f46-8af0-4613a3a3549f,2021-12-25,0,0,-2,-2,1
e8dd2db2-501f-4f46-8af0-4613a3a3549f,2021-12-28,0,0,-2,-2,1
e8dd2db2-501f-4f46-8af0-4613a3a3549f,2021-12-29,0,0,-2,-2,1
e8dd2db2-501f-4f46-8af0-4613a3a3549f,2021-12-30,0,0,-2,-2,1
e8dd2db2-501f-4f46-8af0-4613a3a3549f,2021-12-31,0,0,-2,-2,1
fc6a4f22-4281-40ec-bd79-8756275e0672,2021-10-01,88,7,8,1,3
fc6a4f22-4281-40ec-bd79-8756275e0672,2021-10-02,88,7,8,1,3
fc6a4f22-4281-40ec-bd79-8756275e0672,2021-10-05,0,0,8,8,1
fc6a4f22-4281-40ec-bd79-8756275e0672,2021-10-07,0,0,8,8,1
fc6a4f22-4281-40ec-bd79-8756275e0672,2021-10-08,88,7,8,1,3
fc6a4f22-4281-40ec-bd79-8756275e0672,2021-10-09,88,7,8,1,3
fc6a4f22-4281-40ec-bd79-8756275e0672,2021-10-12,0,0,8,8,1
fc6a4f22-4281-40ec-bd79-8756275e0672,2021-10-13,0,0,8,8,1
fc6a4f22-4281-40ec-bd79-8756275e0672,2021-10-16,0,0,8,8,1
fc6a4f22-4281-40ec-bd79-8756275e0672,2021-10-19,0,0,8,8,1
fc6a4f22-4281-40ec-bd79-8756275e0672,2021-10-20,0,0,8,8,1
fc6a4f22-4281-40ec-bd79-8756275e0672,2021-10-21,75,6,8,2,2
fc6a4f22-4281-40ec-bd79-8756275e0672,2021-10-22,75,6,8,2,2
fc6a4f22-4281-40ec-bd79-8756275e0672,2021-10-23,75,6,8,2,2
fc6a4f22-4281-40ec-bd79-8756275e0672,2021-10-26,0,0,8,8,1
fc6a4f22-4281-40ec-bd79-8756275e0672,2021-10-27,0,0,8,8,1
fc6a4f22-4281-40ec-bd79-8756275e0672,2021-10-28,75,6,8,2,2
fc6a4f22-4281-40ec-bd79-8756275e0672,2021-10-29,75,6,8,2,2
fc6a4f22-4281-40ec-bd79-8756275e0672,2021-10-30,75,6,8,2,2
fc6a4f22-4281-40ec-bd79-8756275e0672,2021-11-02,0,0,8,8,1
fc6a4f22-4281-40ec-bd79-8756275e0672,2021-11-03,0,0,8,8,1
fc6a4f22-4281-40ec-bd79-8756275e0672,2021-11-04,63,5,8,3,1
fc6a4f22-4281-40ec-bd79-8756275e0672,2021-11-05,63,5,8,3,1
fc6a4f22-4281-40ec-bd79-8756275e0672,2021-11-06,63,5,8,3,1
fc6a4f22-4281-40ec-bd79-8756275e0672,2021-11-09,0,0,8,8,1
fc6a4f22-4281-40ec-bd79-8756275e0672,2021-11-10,0,0,8,8,1
fc6a4f22-4281-40ec-bd79-8756275e0672,2021-11-11,63,5,8,3,1
fc6a4f22-4281-40ec-bd79-8756275e0672,2021-11-12,63,5,8,3,1
fc6a4f22-4281-40ec-bd79-8756275e0672,2021-11-13,63,5,8,3,1
fc6a4f22-4281-40ec-bd79-8756275e0672,2021-11-16,0,0,8,8,1
fc6a4f22-4281-40ec-bd79-8756275e0672,2021-11-17,0,0,8,8,1
fc6a4f22-4281-40ec-bd79-8756275e0672,2021-11-18,50,4,8,4,1
fc6a4f22-4281-40ec-bd79-8756275e0672,2021-11-19,50,4,8,4,1
fc6a4f22-4281-40ec-bd79-8756275e0672,2021-11-20,50,4,8,4,1
fc6a4f22-4281-40ec-bd79-8756275e0672,2021-11-23,0,0,8,8,1
fc6a4f22-4281-40ec-bd79-8756275e0672,2021-11-24,0,0,8,8,1
fc6a4f22-4281-40ec-bd79-8756275e0672,2021-11-25,50,4,8,4,1
fc6a4f22-4281-40ec-bd79-8756275e0672,2021-11-26,50,4,8,4,1
fc6a4f22-4281-40ec-bd79-8756275e0672,2021-11-27,50,4,8,4,1
fc6a4f22-4281-40ec-bd79-8756275e0672,2021-11-30,0,0,8,8,1
fc6a4f22-4281-40ec-bd79-8756275e0672,2021-12-01,0,0,8,8,1
fc6a4f22-4281-40ec-bd79-8756275e0672,2021-12-02,175,14,8,-6,1
fc6a4f22-4281-40ec-bd79-8756275e0672,2021-12-03,175,14,8,-6,1
fc6a4f22-4281-40ec-bd79-8756275e0672,2021-12-04,175,14,8,-6,1
fc6a4f22-4281-40ec-bd79-8756275e0672,2021-12-07,0,0,8,8,1
fc6a4f22-4281-40ec-bd79-8756275e0672,2021-12-08,0,0,8,8,1
fc6a4f22-4281-40ec-bd79-8756275e0672,2021-12-09,175,14,8,-6,1
fc6a4f22-4281-40ec-bd79-8756275e0672,2021-12-10,175,14,8,-6,1
fc6a4f22-4281-40ec-bd79-8756275e0672,2021-12-11,175,14,8,-6,1
fc6a4f22-4281-40ec-bd79-8756275e0672,2021-12-14,0,0,8,8,1
fc6a4f22-4281-40ec-bd79-8756275e0672,2021-12-21,0,0,8,8,1
fc6a4f22-4281-40ec-bd79-8756275e0672,2021-12-22,0,0,8,8,1
fc6a4f22-4281-40ec-bd79-8756275e0672,2021-12-23,175,14,8,-6,1
fc6a4f22-4281-40ec-bd79-8756275e0672,2021-12-24,163,13,8,-5,1
fc6a4f22-4281-40ec-bd79-8756275e0672,2021-12-25,163,13,8,-5,1
fc6a4f22-4281-40ec-bd79-8756275e0672,2021-12-28,0,0,8,8,1
fc6a4f22-4281-40ec-bd79-8756275e0672,2021-12-29,0,0,8,8,1
ac6a4f22-4281-40ec-bd79-8756275e0672,2021-10-01,0,0,8,8,1
ac6a4f22-4281-40ec-bd79-8756275e0672,2021-10-02,0,0,8,8,1
ac6a4f22-4281-40ec-bd79-8756275e0672,2021-10-05,0,0,8,8,1
ac6a4f22-4281-40ec-bd79-8756275e0672,2021-10-06,0,0,8,8,1
ac6a4f22-4281-40ec-bd79-8756275e0672,2021-10-07,0,0,8,8,1
ac6a4f22-4281-40ec-bd79-8756275e0672,2021-10-08,0,0,8,8,1
ac6a4f22-4281-40ec-bd79-8756275e0672,2021-10-09,0,0,8,8,1
ac6a4f22-4281-40ec-bd79-8756275e0672,2021-10-12,0,0,8,8,1
ac6a4f22-4281-40ec-bd79-8756275e0672,2021-10-13,0,0,8,8,1
ac6a4f22-4281-40ec-bd79-8756275e0672,2021-10-14,0,0,8,8,1
ac6a4f22-4281-40ec-bd79-8756275e0672,2021-10-15,0,0,8,8,1
ac6a4f22-4281-40ec-bd79-8756275e0672,2021-10-16,0,0,8,8,1
ac6a4f22-4281-40ec-bd79-8756275e0672,2021-10-18,0,0,8,8,1
ac6a4f22-4281-40ec-bd79-8756275e0672,2021-10-19,0,0,8,8,1
ac6a4f22-4281-40ec-bd79-8756275e0672,2021-10-20,0,0,8,8,1
ac6a4f22-4281-40ec-bd79-8756275e0672,2021-10-21,0,0,8,8,1
ac6a4f22-4281-40ec-bd79-8756275e0672,2021-10-22,0,0,8,8,1
ac6a4f22-4281-40ec-bd79-8756275e0672,2021-10-23,0,0,8,8,1
ac6a4f22-4281-40ec-bd79-8756275e0672,2021-10-24,0,0,8,8,1
ac6a4f22-4281-40ec-bd79-8756275e0672,2021-10-25,0,0,8,8,1
ac6a4f22-4281-40ec-bd79-8756275e0672,2021-10-26,0,0,8,8,1
ac6a4f22-4281-40ec-bd79-8756275e0672,2021-10-27,0,0,8,8,1
ac6a4f22-4281-40ec-bd79-8756275e0672,2021-10-28,0,0,8,8,1
ac6a4f22-4281-40ec-bd79-8756275e0672,2021-10-29,0,0,8,8,1
ac6a4f22-4281-40ec-bd79-8756275e0672,2021-10-30,0,0,8,8,1
ac6a4f22-4281-40ec-bd79-8756275e0672,2021-11-02,0,0,8,8,1
ac6a4f22-4281-40ec-bd79-8756275e0672,2021-11-03,0,0,8,8,1
ac6a4f22-4281-40ec-bd79-8756275e0672,2021-11-04,0,0,8,8,1
ac6a4f22-4281-40ec-bd79-8756275e0672,2021-11-05,0,0,8,8,1
ac6a4f22-4281-40ec-bd79-8756275e0672,2021-11-06,0,0,8,8,1
ac6a4f22-4281-40ec-bd79-8756275e0672,2021-11-09,0,0,8,8,1
ac6a4f22-4281-40ec-bd79-8756275e0672,2021-11-10,0,0,8,8,1
ac6a4f22-4281-40ec-bd79-8756275e0672,2021-11-11,0,0,8,8,1
ac6a4f22-4281-40ec-bd79-8756275e0672,2021-11-12,0,0,8,8,1
ac6a4f22-4281-40ec-bd79-8756275e0672,2021-11-13,0,0,8,8,1
ac6a4f22-4281-40ec-bd79-8756275e0672,2021-11-16,0,0,8,8,1
ac6a4f22-4281-40ec-bd79-8756275e0672,2021-11-17,0,0,8,8,1
ac6a4f22-4281-40ec-bd79-8756275e0672,2021-11-18,0,0,8,8,1
ac6a4f22-4281-40ec-bd79-8756275e0672,2021-11-19,0,0,8,8,1
ac6a4f22-4281-40ec-bd79-8756275e0672,2021-11-20,0,0,8,8,1
ac6a4f22-4281-40ec-bd79-8756275e0672,2021-11-23,0,0,8,8,1
ac6a4f22-4281-40ec-bd79-8756275e0672,2021-11-24,0,0,8,8,1
ac6a4f22-4281-40ec-bd79-8756275e0672,2021-11-25,0,0,8,8,1
ac6a4f22-4281-40ec-bd79-8756275e0672,2021-11-26,0,0,8,8,1
ac6a4f22-4281-40ec-bd79-8756275e0672,2021-11-27,0,0,8,8,1
ac6a4f22-4281-40ec-bd79-8756275e0672,2021-11-30,0,0,8,8,1
ac6a4f22-4281-40ec-bd79-8756275e0672,2021-12-01,0,0,8,8,1
ac6a4f22-4281-40ec-bd79-8756275e0672,2021-12-02,0,0,8,8,1
ac6a4f22-4281-40ec-bd79-8756275e0672,2021-12-03,0,0,8,8,1
ac6a4f22-4281-40ec-bd79-8756275e0672,2021-12-04,0,0,8,8,1
ac6a4f22-4281-40ec-bd79-8756275e0672,2021-12-07,0,0,8,8,1
ac6a4f22-4281-40ec-bd79-8756275e0672,2021-12-08,0,0,8,8,1
ac6a4f22-4281-40ec-bd79-8756275e0672,2021-12-09,0,0,8,8,1
ac6a4f22-4281-40ec-bd79-8756275e0672,2021-12-10,0,0,8,8,1
ac6a4f22-4281-40ec-bd79-8756275e0672,2021-12-11,0,0,8,8,1
ac6a4f22-4281-40ec-bd79-8756275e0672,2021-12-14,0,0,8,8,1
ac6a4f22-4281-40ec-bd79-8756275e0672,2021-12-15,0,0,8,8,1
ac6a4f22-4281-40ec-bd79-8756275e0672,2021-12-16,0,0,8,8,1
ac6a4f22-4281-40ec-bd79-8756275e0672,2021-12-17,0,0,8,8,1
ac6a4f22-4281-40ec-bd79-8756275e0672,2021-12-18,0,0,8,8,1
ac6a4f22-4281-40ec-bd79-8756275e0672,2021-12-21,0,0,8,8,1
ac6a4f22-4281-40ec-bd79-8756275e0672,2021-12-22,0,0,8,8,1
ac6a4f22-4281-40ec-bd79-8756275e0672,2021-12-23,0,0,8,8,1
ac6a4f22-4281-40ec-bd79-8756275e0672,2021-12-24,0,0,8,8,1
ac6a4f22-4281-40ec-bd79-8756275e0672,2021-12-25,0,0,8,8,1
ac6a4f22-4281-40ec-bd79-8756275e0672,2021-12-28,0,0,8,8,1
ac6a4f22-4281-40ec-bd79-8756275e0672,2021-12-29,0,0,8,8,1
ac6a4f22-4281-40ec-bd79-8756275e0672,2021-12-30,0,0,8,8,1
ac6a4f22-4281-40ec-bd79-8756275e0672,2021-12-31,0,0,8,8,1
cc6a4f22-4281-40ec-bd79-8756275e0672,2021-10-01,0,0,8,8,1
cc6a4f22-4281-40ec-bd79-8756275e0672,2021-10-02,0,0,8,8,1
cc6a4f22-4281-40ec-bd79-8756275e0672,2021-10-05,0,0,8,8,1
cc6a4f22-4281-40ec-bd79-8756275e0672,2021-10-06,0,0,8,8,1
cc6a4f22-4281-40ec-bd79-8756275e0672,2021-10-07,0,0,8,8,1
cc6a4f22-4281-40ec-bd79-8756275e0672,2021-10-08,0,0,8,8,1
cc6a4f22-4281-40ec-bd79-8756275e0672,2021-10-09,0,0,8,8,1
cc6a4f22-4281-40ec-bd79-8756275e0672,2021-10-12,0,0,8,8,1
cc6a4f22-4281-40ec-bd79-8756275e0672,2021-10-13,0,0,8,8,1
cc6a4f22-4281-40ec-bd79-8756275e0672,2021-10-14,0,0,8,8,1
cc6a4f22-4281-40ec-bd79-8756275e0672,2021-10-15,0,0,8,8,1
cc6a4f22-4281-40ec-bd79-8756275e0672,2021-10-16,0,0,8,8,1
cc6a4f22-4281-40ec-bd79-8756275e0672,2021-10-18,0,0,8,8,1
cc6a4f22-4281-40ec-bd79-8756275e0672,2021-10-19,0,0,8,8,1
cc6a4f22-4281-40ec-bd79-8756275e0672,2021-10-20,0,0,8,8,1
cc6a4f22-4281-40ec-bd79-8756275e0672,2021-10-21,0,0,8,8,1
cc6a4f22-4281-40ec-bd79-8756275e0672,2021-10-22,0,0,8,8,1
cc6a4f22-4281-40ec-bd79-8756275e0672,2021-10-23,0,0,8,8,1
cc6a4f22-4281-40ec-bd79-8756275e0672,2021-10-24,0,0,8,8,1
cc6a4f22-4281-40ec-bd79-8756275e0672,2021-10-25,0,0,8,8,1
cc6a4f22-4281-40ec-bd79-8756275e0672,2021-10-26,0,0,8,8,1
cc6a4f22-4281-40ec-bd79-8756275e0672,2021-10-27,0,0,8,8,1
cc6a4f22-4281-40ec-bd79-8756275e0672,2021-10-28,0,0,8,8,1
cc6a4f22-4281-40ec-bd79-8756275e0672,2021-10-29,0,0,8,8,1
cc6a4f22-4281-40ec-bd79-8756275e0672,2021-10-30,0,0,8,8,1
cc6a4f22-4281-40ec-bd79-8756275e0672,2021-11-02,0,0,8,8,1
cc6a4f22-4281-40ec-bd79-8756275e0672,2021-11-03,0,0,8,8,1
cc6a4f22-4281-40ec-bd79-8756275e0672,2021-11-04,0,0,8,8,1
cc6a4f22-4281-40ec-bd79-8756275e0672,2021-11-05,0,0,8,8,1
cc6a4f22-4281-40ec-bd79-8756275e0672,2021-11-06,0,0,8,8,1
cc6a4f22-4281-40ec-bd79-8756275e0672,2021-11-09,0,0,8,8,1
cc6a4f22-4281-40ec-bd79-8756275e0672,2021-11-10,0,0,8,8,1
cc6a4f22-4281-40ec-bd79-8756275e0672,2021-11-11,0,0,8,8,1
cc6a4f22-4281-40ec-bd79-8756275e0672,2021-11-12,0,0,8,8,1
cc6a4f22-4281-40ec-bd79-8756275e0672,2021-11-13,0,0,8,8,1
cc6a4f22-4281-40ec-bd79-8756275e0672,2021-11-16,0,0,8,8,1
cc6a4f22-4281-40ec-bd79-8756275e0672,2021-11-17,0,0,8,8,1
cc6a4f22-4281-40ec-bd79-8756275e0672,2021-11-18,0,0,8,8,1
cc6a4f22-4281-40ec-bd79-8756275e0672,2021-11-19,0,0,8,8,1
cc6a4f22-4281-40ec-bd79-8756275e0672,2021-11-20,0,0,8,8,1
cc6a4f22-4281-40ec-bd79-8756275e0672,2021-11-23,0,0,8,8,1
cc6a4f22-4281-40ec-bd79-8756275e0672,2021-11-24,0,0,8,8,1
cc6a4f22-4281-40ec-bd79-8756275e0672,2021-11-25,0,0,8,8,1
cc6a4f22-4281-40ec-bd79-8756275e0672,2021-11-26,0,0,8,8,1
cc6a4f22-4281-40ec-bd79-8756275e0672,2021-11-27,0,0,8,8,1
cc6a4f22-4281-40ec-bd79-8756275e0672,2021-11-30,0,0,8,8,1
cc6a4f22-4281-40ec-bd79-8756275e0672,2021-12-01,0,0,8,8,1
cc6a4f22-4281-40ec-bd79-8756275e0672,2021-12-02,0,0,8,8,1
cc6a4f22-4281-40ec-bd79-8756275e0672,2021-12-03,0,0,8,8,1
cc6a4f22-4281-40ec-bd79-8756275e0672,2021-12-04,0,0,8,8,1
cc6a4f22-4281-40ec-bd79-8756275e0672,2021-12-07,0,0,8,8,1
cc6a4f22-4281-40ec-bd79-8756275e0672,2021-12-08,0,0,8,8,1
cc6a4f22-4281-40ec-bd79-8756275e0672,2021-12-09,0,0,8,8,1
cc6a4f22-4281-40ec-bd79-8756275e0672,2021-12-10,0,0,8,8,1
cc6a4f22-4281-40ec-bd79-8756275e0672,2021-12-11,0,0,8,8,1
cc6a4f22-4281-40ec-bd79-8756275e0672,2021-12-14,0,0,8,8,1
cc6a4f22-4281-40ec-bd79-8756275e0672,2021-12-15,0,0,8,8,1
cc6a4f22-4281-40ec-bd79-8756275e0672,2021-12-16,0,0,8,8,1
cc6a4f22-4281-40ec-bd79-8756275e0672,2021-12-17,0,0,8,8,1
cc6a4f22-4281-40ec-bd79-8756275e0672,2021-12-18,0,0,8,8,1
cc6a4f22-4281-40ec-bd79-8756275e0672,2021-12-21,0,0,8,8,1
cc6a4f22-4281-40ec-bd79-8756275e0672,2021-12-22,0,0,8,8,1
cc6a4f22-4281-40ec-bd79-8756275e0672,2021-12-23,0,0,8,8,1
cc6a4f22-4281-40ec-bd79-8756275e0672,2021-12-24,0,0,8,8,1
cc6a4f22-4281-40ec-bd79-8756275e0672,2021-12-25,0,0,8,8,1
cc6a4f22-4281-40ec-bd79-8756275e0672,2021-12-28,0,0,8,8,1
cc6a4f22-4281-40ec-bd79-8756275e0672,2021-12-29,0,0,8,8,1
cc6a4f22-4281-40ec-bd79-8756275e0672,2021-12-30,0,0,8,8,1
cc6a4f22-4281-40ec-bd79-8756275e0672,2021-12-31,0,0,8,8,1
dc6a4f22-4281-40ec-bd79-8756275e0672,2021-10-01,0,0,8,8,1
dc6a4f22-4281-40ec-bd79-8756275e0672,2021-10-02,0,0,8,8,1
dc6a4f22-4281-40ec-bd79-8756275e0672,2021-10-05,0,0,8,8,1
dc6a4f22-4281-40ec-bd79-8756275e0672,2021-10-06,0,0,8,8,1
dc6a4f22-4281-40ec-bd79-8756275e0672,2021-10-07,0,0,8,8,1
dc6a4f22-4281-40ec-bd79-8756275e0672,2021-10-08,0,0,8,8,1
dc6a4f22-4281-40ec-bd79-8756275e0672,2021-10-09,0,0,8,8,1
dc6a4f22-4281-40ec-bd79-8756275e0672,2021-10-12,0,0,8,8,1
dc6a4f22-4281-40ec-bd79-8756275e0672,2021-10-13,0,0,8,8,1
dc6a4f22-4281-40ec-bd79-8756275e0672,2021-10-14,0,0,8,8,1
dc6a4f22-4281-40ec-bd79-8756275e0672,2021-10-15,0,0,8,8,1
dc6a4f22-4281-40ec-bd79-8756275e0672,2021-10-16,0,0,8,8,1
dc6a4f22-4281-40ec-bd79-8756275e0672,2021-10-18,0,0,8,8,1
dc6a4f22-4281-40ec-bd79-8756275e0672,2021-10-19,0,0,8,8,1
dc6a4f22-4281-40ec-bd79-8756275e0672,2021-10-20,0,0,8,8,1
dc6a4f22-4281-40ec-bd79-8756275e0672,2021-10-21,0,0,8,8,1
dc6a4f22-4281-40ec-bd79-8756275e0672,2021-10-22,0,0,8,8,1
dc6a4f22-4281-40ec-bd79-8756275e0672,2021-10-23,0,0,8,8,1
dc6a4f22-4281-40ec-bd79-8756275e0672,2021-10-24,0,0,8,8,1
dc6a4f22-4281-40ec-bd79-8756275e0672,2021-10-25,0,0,8,8,1
dc6a4f22-4281-40ec-bd79-8756275e0672,2021-10-26,0,0,8,8,1
dc6a4f22-4281-40ec-bd79-8756275e0672,2021-10-27,0,0,8,8,1
dc6a4f22-4281-40ec-bd79-8756275e0672,2021-10-28,0,0,8,8,1
dc6a4f22-4281-40ec-bd79-8756275e0672,2021-10-29,0,0,8,8,1
dc6a4f22-4281-40ec-bd79-8756275e0672,2021-10-30,0,0,8,8,1
dc6a4f22-4281-40ec-bd79-8756275e0672,2021-11-02,0,0,8,8,1
dc6a4f22-4281-40ec-bd79-8756275e0672,2021-11-03,0,0,8,8,1
dc6a4f22-4281-40ec-bd79-8756275e0672,2021-11-04,0,0,8,8,1
dc6a4f22-4281-40ec-bd79-8756275e0672,2021-11-05,0,0,8,8,1
dc6a4f22-4281-40ec-bd79-8756275e0672,2021-11-06,0,0,8,8,1
dc6a4f22-4281-40ec-bd79-8756275e0672,2021-11-09,0,0,8,8,1
dc6a4f22-4281-40ec-bd79-8756275e0672,2021-11-10,0,0,8,8,1
dc6a4f22-4281-40ec-bd79-8756275e0672,2021-11-11,0,0,8,8,1
dc6a4f22-4281-40ec-bd79-8756275e0672,2021-11-12,0,0,8,8,1
dc6a4f22-4281-40ec-bd79-8756275e0672,2021-11-13,0,0,8,8,1
dc6a4f22-4281-40ec-bd79-8756275e0672,2021-11-16,0,0,8,8,1
dc6a4f22-4281-40ec-bd79-8756275e0672,2021-11-17,0,0,8,8,1
dc6a4f22-4281-40ec-bd79-8756275e0672,2021-11-18,0,0,8,8,1
dc6a4f22-4281-40ec-bd79-8756275e0672,2021-11-19,0,0,8,8,1
dc6a4f22-4281-40ec-bd79-8756275e0672,2021-11-20,0,0,8,8,1
dc6a4f22-4281-40ec-bd79-8756275e0672,2021-11-23,0,0,8,8,1
dc6a4f22-4281-40ec-bd79-8756275e0672,2021-11-24,0,0,8,8,1
dc6a4f22-4281-40ec-bd79-8756275e0672,2021-11-25,0,0,8,8,1
dc6a4f22-4281-40ec-bd79-8756275e0672,2021-11-26,0,0,8,8,1
dc6a4f22-4281-40ec-bd79-8756275e0672,2021-11-27,0,0,8,8,1
dc6a4f22-4281-40ec-bd79-8756275e0672,2021-11-30,0,0,8,8,1
dc6a4f22-4281-40ec-bd79-8756275e0672,2021-12-01,0,0,8,8,1
dc6a4f22-4281-40ec-bd79-8756275e0672,2021-12-02,0,0,8,8,1
dc6a4f22-4281-40ec-bd79-8756275e0672,2021-12-03,0,0,8,8,1
dc6a4f22-4281-40ec-bd79-8756275e0672,2021-12-04,0,0,8,8,1
dc6a4f22-4281-40ec-bd79-8756275e0672,2021-12-07,0,0,8,8,1
dc6a4f22-4281-40ec-bd79-8756275e0672,2021-12-08,0,0,8,8,1
dc6a4f22-4281-40ec-bd79-8756275e0672,2021-12-09,0,0,8,8,1
dc6a4f22-4281-40ec-bd79-8756275e0672,2021-12-10,0,0,8,8,1
dc6a4f22-4281-40ec-bd79-8756275e0672,2021-12-11,0,0,8,8,1
dc6a4f22-4281-40ec-bd79-8756275e0672,2021-12-14,0,0,8,8,1
dc6a4f22-4281-40ec-bd79-8756275e0672,2021-12-15,0,0,8,8,1
dc6a4f22-4281-40ec-bd79-8756275e0672,2021-12-16,0,0,8,8,1
dc6a4f22-4281-40ec-bd79-8756275e0672,2021-12-17,0,0,8,8,1
dc6a4f22-4281-40ec-bd79-8756275e0672,2021-12-18,0,0,8,8,1
dc6a4f22-4281-40ec-bd79-8756275e0672,2021-12-21,0,0,8,8,1
dc6a4f22-4281-40ec-bd79-8756275e0672,2021-12-22,0,0,8,8,1
dc6a4f22-4281-40ec-bd79-8756275e0672,2021-12-23,0,0,8,8,1
dc6a4f22-4281-40ec-bd79-8756275e0672,2021-12-24,0,0,8,8,1
dc6a4f22-4281-40ec-bd79-8756275e0672,2021-12-25,0,0,8,8,1
dc6a4f22-4281-40ec-bd79-8756275e0672,2021-12-28,0,0,8,8,1
dc6a4f22-4281-40ec-bd79-8756275e0672,2021-12-29,0,0,8,8,1
dc6a4f22-4281-40ec-bd79-8756275e0672,2021-12-30,0,0,8,8,1
dc6a4f22-4281-40ec-bd79-8756275e0672,2021-12-31,0,0,8,8,1