ID,timePeriod,utilization,bookedHours,availableHours,freeHours,utilizationColor
6806862a-3788-441c-9b00-bd52013711b3,2021-01-01,0,0,8,8,1
6806862a-3788-441c-9b00-bd52013711b3,2021-01-02,0,0,8,8,1
6806862a-3788-441c-9b00-bd52013711b3,2021-01-03,0,0,8,8,1
6806862a-3788-441c-9b00-bd52013711b3,2021-01-06,0,0,8,8,1
6806862a-3788-441c-9b00-bd52013711b3,2021-01-07,0,0,8,8,1
6806862a-3788-441c-9b00-bd52013711b3,2021-01-08,0,0,8,8,1
6806862a-3788-441c-9b00-bd52013711b3,2021-01-09,0,0,8,8,1
6806862a-3788-441c-9b00-bd52013711b3,2021-01-10,0,0,8,8,1
6806862a-3788-441c-9b00-bd52013711b3,2021-01-13,0,0,8,8,1
6806862a-3788-441c-9b00-bd52013711b3,2021-01-14,0,0,8,8,1
6806862a-3788-441c-9b00-bd52013711b3,2021-01-15,0,0,8,8,1
6806862a-3788-441c-9b00-bd52013711b3,2021-01-16,0,0,8,8,1
6806862a-3788-441c-9b00-bd52013711b3,2021-01-17,0,0,8,8,1
6806862a-3788-441c-9b00-bd52013711b3,2021-01-20,0,0,8,8,1
6806862a-3788-441c-9b00-bd52013711b3,2021-01-21,0,0,8,8,1
6806862a-3788-441c-9b00-bd52013711b3,2021-01-22,0,0,8,8,1
6806862a-3788-441c-9b00-bd52013711b3,2021-01-23,0,0,8,8,1
6806862a-3788-441c-9b00-bd52013711b3,2021-01-24,0,0,8,8,1
6806862a-3788-441c-9b00-bd52013711b3,2021-01-27,0,0,8,8,1
6806862a-3788-441c-9b00-bd52013711b3,2021-01-28,0,0,8,8,1
6806862a-3788-441c-9b00-bd52013711b3,2021-01-29,0,0,8,8,1
6806862a-3788-441c-9b00-bd52013711b3,2021-01-30,0,0,8,8,1
6806862a-3788-441c-9b00-bd52013711b3,2021-01-31,0,0,8,8,1
6806862a-3788-441c-9b00-bd52013711b3,2021-02-03,0,0,8,8,1
6806862a-3788-441c-9b00-bd52013711b3,2021-02-04,0,0,8,8,1
6806862a-3788-441c-9b00-bd52013711b3,2021-02-05,0,0,8,8,1
6806862a-3788-441c-9b00-bd52013711b3,2021-02-06,0,0,8,8,1
6806862a-3788-441c-9b00-bd52013711b3,2021-02-07,0,0,8,8,1
6806862a-3788-441c-9b00-bd52013711b3,2021-02-10,0,0,8,8,1
6806862a-3788-441c-9b00-bd52013711b3,2021-02-11,0,0,8,8,1
6806862a-3788-441c-9b00-bd52013711b3,2021-02-12,0,0,8,8,1
6806862a-3788-441c-9b00-bd52013711b3,2021-02-13,0,0,8,8,1
6806862a-3788-441c-9b00-bd52013711b3,2021-02-14,0,0,8,8,1
6806862a-3788-441c-9b00-bd52013711b3,2021-02-17,0,0,8,8,1
6806862a-3788-441c-9b00-bd52013711b3,2021-02-18,0,0,8,8,1
6806862a-3788-441c-9b00-bd52013711b3,2021-02-19,0,0,8,8,1
6806862a-3788-441c-9b00-bd52013711b3,2021-02-20,0,0,8,8,1
6806862a-3788-441c-9b00-bd52013711b3,2021-02-21,0,0,8,8,1
6806862a-3788-441c-9b00-bd52013711b3,2021-02-24,0,0,8,8,1
6806862a-3788-441c-9b00-bd52013711b3,2021-02-25,0,0,8,8,1
6806862a-3788-441c-9b00-bd52013711b3,2021-02-26,0,0,8,8,1
6806862a-3788-441c-9b00-bd52013711b3,2021-02-27,0,0,8,8,1
6806862a-3788-441c-9b00-bd52013711b3,2021-03-02,0,0,8,8,1
6806862a-3788-441c-9b00-bd52013711b3,2021-03-03,0,0,8,8,1
6806862a-3788-441c-9b00-bd52013711b3,2021-03-04,0,0,8,8,1
6806862a-3788-441c-9b00-bd52013711b3,2021-03-05,0,0,8,8,1
6806862a-3788-441c-9b00-bd52013711b3,2021-03-06,0,0,8,8,1
6806862a-3788-441c-9b00-bd52013711b3,2021-03-09,0,0,8,8,1
6806862a-3788-441c-9b00-bd52013711b3,2021-03-10,0,0,8,8,1
6806862a-3788-441c-9b00-bd52013711b3,2021-03-11,0,0,8,8,1
6806862a-3788-441c-9b00-bd52013711b3,2021-03-12,0,0,8,8,1
6806862a-3788-441c-9b00-bd52013711b3,2021-03-13,0,0,8,8,1
6806862a-3788-441c-9b00-bd52013711b3,2021-03-16,0,0,8,8,1
6806862a-3788-441c-9b00-bd52013711b3,2021-03-17,0,0,8,8,1
6806862a-3788-441c-9b00-bd52013711b3,2021-03-18,0,0,8,8,1
6806862a-3788-441c-9b00-bd52013711b3,2021-03-19,0,0,8,8,1
6806862a-3788-441c-9b00-bd52013711b3,2021-03-20,0,0,8,8,1
6806862a-3788-441c-9b00-bd52013711b3,2021-03-23,0,0,8,8,1
6806862a-3788-441c-9b00-bd52013711b3,2021-03-24,0,0,8,8,1
6806862a-3788-441c-9b00-bd52013711b3,2021-03-25,0,0,8,8,1
6806862a-3788-441c-9b00-bd52013711b3,2021-03-26,0,0,8,8,1
6806862a-3788-441c-9b00-bd52013711b3,2021-03-27,0,0,8,8,1
6806862a-3788-441c-9b00-bd52013711b3,2021-03-30,0,0,8,8,1
6806862a-3788-441c-9b00-bd52013711b3,2021-03-31,0,0,8,8,1
d771ad92-26e5-4aed-9173-49406112b5b2,2021-01-01,0,0,8,8,1
d771ad92-26e5-4aed-9173-49406112b5b2,2021-01-02,0,0,8,8,1
d771ad92-26e5-4aed-9173-49406112b5b2,2021-01-03,0,0,8,8,1
d771ad92-26e5-4aed-9173-49406112b5b2,2021-01-06,0,0,8,8,1
d771ad92-26e5-4aed-9173-49406112b5b2,2021-01-07,0,0,8,8,1
d771ad92-26e5-4aed-9173-49406112b5b2,2021-01-08,0,0,8,8,1
d771ad92-26e5-4aed-9173-49406112b5b2,2021-01-09,0,0,8,8,1
d771ad92-26e5-4aed-9173-49406112b5b2,2021-01-10,0,0,8,8,1
d771ad92-26e5-4aed-9173-49406112b5b2,2021-01-13,0,0,8,8,1
d771ad92-26e5-4aed-9173-49406112b5b2,2021-01-14,0,0,8,8,1
d771ad92-26e5-4aed-9173-49406112b5b2,2021-01-15,0,0,8,8,1
d771ad92-26e5-4aed-9173-49406112b5b2,2021-01-16,0,0,8,8,1
d771ad92-26e5-4aed-9173-49406112b5b2,2021-01-17,0,0,8,8,1
d771ad92-26e5-4aed-9173-49406112b5b2,2021-01-20,0,0,8,8,1
d771ad92-26e5-4aed-9173-49406112b5b2,2021-01-21,0,0,8,8,1
d771ad92-26e5-4aed-9173-49406112b5b2,2021-01-22,0,0,8,8,1
d771ad92-26e5-4aed-9173-49406112b5b2,2021-01-23,0,0,8,8,1
d771ad92-26e5-4aed-9173-49406112b5b2,2021-01-24,0,0,8,8,1
d771ad92-26e5-4aed-9173-49406112b5b2,2021-01-27,0,0,8,8,1
d771ad92-26e5-4aed-9173-49406112b5b2,2021-01-28,0,0,8,8,1
d771ad92-26e5-4aed-9173-49406112b5b2,2021-01-29,0,0,8,8,1
d771ad92-26e5-4aed-9173-49406112b5b2,2021-01-30,0,0,8,8,1
d771ad92-26e5-4aed-9173-49406112b5b2,2021-01-31,0,0,8,8,1
d771ad92-26e5-4aed-9173-49406112b5b2,2021-02-03,0,0,8,8,1
d771ad92-26e5-4aed-9173-49406112b5b2,2021-02-04,0,0,8,8,1
d771ad92-26e5-4aed-9173-49406112b5b2,2021-02-05,0,0,8,8,1
d771ad92-26e5-4aed-9173-49406112b5b2,2021-02-06,0,0,8,8,1
d771ad92-26e5-4aed-9173-49406112b5b2,2021-02-07,0,0,8,8,1
d771ad92-26e5-4aed-9173-49406112b5b2,2021-02-10,0,0,8,8,1
d771ad92-26e5-4aed-9173-49406112b5b2,2021-02-11,0,0,8,8,1
d771ad92-26e5-4aed-9173-49406112b5b2,2021-02-12,0,0,8,8,1
d771ad92-26e5-4aed-9173-49406112b5b2,2021-02-13,0,0,8,8,1
d771ad92-26e5-4aed-9173-49406112b5b2,2021-02-14,0,0,8,8,1
d771ad92-26e5-4aed-9173-49406112b5b2,2021-02-17,0,0,8,8,1
d771ad92-26e5-4aed-9173-49406112b5b2,2021-02-18,0,0,8,8,1
d771ad92-26e5-4aed-9173-49406112b5b2,2021-02-19,0,0,8,8,1
d771ad92-26e5-4aed-9173-49406112b5b2,2021-02-20,0,0,8,8,1
d771ad92-26e5-4aed-9173-49406112b5b2,2021-02-21,0,0,8,8,1
d771ad92-26e5-4aed-9173-49406112b5b2,2021-02-24,0,0,8,8,1
d771ad92-26e5-4aed-9173-49406112b5b2,2021-02-25,0,0,8,8,1
d771ad92-26e5-4aed-9173-49406112b5b2,2021-02-26,0,0,8,8,1
d771ad92-26e5-4aed-9173-49406112b5b2,2021-02-27,0,0,8,8,1
d771ad92-26e5-4aed-9173-49406112b5b2,2021-03-02,0,0,8,8,1
d771ad92-26e5-4aed-9173-49406112b5b2,2021-03-03,0,0,8,8,1
d771ad92-26e5-4aed-9173-49406112b5b2,2021-03-04,0,0,8,8,1
d771ad92-26e5-4aed-9173-49406112b5b2,2021-03-05,0,0,8,8,1
d771ad92-26e5-4aed-9173-49406112b5b2,2021-03-06,0,0,8,8,1
d771ad92-26e5-4aed-9173-49406112b5b2,2021-03-09,0,0,8,8,1
d771ad92-26e5-4aed-9173-49406112b5b2,2021-03-10,0,0,8,8,1
d771ad92-26e5-4aed-9173-49406112b5b2,2021-03-11,0,0,8,8,1
d771ad92-26e5-4aed-9173-49406112b5b2,2021-03-12,0,0,8,8,1
d771ad92-26e5-4aed-9173-49406112b5b2,2021-03-13,0,0,8,8,1
d771ad92-26e5-4aed-9173-49406112b5b2,2021-03-16,0,0,8,8,1
d771ad92-26e5-4aed-9173-49406112b5b2,2021-03-17,0,0,8,8,1
d771ad92-26e5-4aed-9173-49406112b5b2,2021-03-18,0,0,8,8,1
d771ad92-26e5-4aed-9173-49406112b5b2,2021-03-19,0,0,8,8,1
d771ad92-26e5-4aed-9173-49406112b5b2,2021-03-20,0,0,8,8,1
d771ad92-26e5-4aed-9173-49406112b5b2,2021-03-23,0,0,8,8,1
d771ad92-26e5-4aed-9173-49406112b5b2,2021-03-24,0,0,8,8,1
d771ad92-26e5-4aed-9173-49406112b5b2,2021-03-25,0,0,8,8,1
d771ad92-26e5-4aed-9173-49406112b5b2,2021-03-26,0,0,8,8,1
d771ad92-26e5-4aed-9173-49406112b5b2,2021-03-27,0,0,8,8,1
d771ad92-26e5-4aed-9173-49406112b5b2,2021-03-30,0,0,8,8,1
d771ad92-26e5-4aed-9173-49406112b5b2,2021-03-31,0,0,8,8,1
cc6a4f22-4281-40ec-bd79-8756275e0672,2021-01-01,0,0,8,8,1
cc6a4f22-4281-40ec-bd79-8756275e0672,2021-01-02,0,0,8,8,1
cc6a4f22-4281-40ec-bd79-8756275e0672,2021-01-03,0,0,8,8,1
cc6a4f22-4281-40ec-bd79-8756275e0672,2021-01-06,0,0,8,8,1
cc6a4f22-4281-40ec-bd79-8756275e0672,2021-01-07,0,0,8,8,1
cc6a4f22-4281-40ec-bd79-8756275e0672,2021-01-08,0,0,8,8,1
cc6a4f22-4281-40ec-bd79-8756275e0672,2021-01-09,0,0,8,8,1
cc6a4f22-4281-40ec-bd79-8756275e0672,2021-01-10,0,0,8,8,1
cc6a4f22-4281-40ec-bd79-8756275e0672,2021-01-13,0,0,8,8,1
cc6a4f22-4281-40ec-bd79-8756275e0672,2021-01-14,0,0,8,8,1
cc6a4f22-4281-40ec-bd79-8756275e0672,2021-01-15,0,0,8,8,1
cc6a4f22-4281-40ec-bd79-8756275e0672,2021-01-16,0,0,8,8,1
cc6a4f22-4281-40ec-bd79-8756275e0672,2021-01-17,0,0,8,8,1
cc6a4f22-4281-40ec-bd79-8756275e0672,2021-01-20,0,0,8,8,1
cc6a4f22-4281-40ec-bd79-8756275e0672,2021-01-21,0,0,8,8,1
cc6a4f22-4281-40ec-bd79-8756275e0672,2021-01-22,0,0,8,8,1
cc6a4f22-4281-40ec-bd79-8756275e0672,2021-01-23,0,0,8,8,1
cc6a4f22-4281-40ec-bd79-8756275e0672,2021-01-24,0,0,8,8,1
cc6a4f22-4281-40ec-bd79-8756275e0672,2021-01-27,0,0,8,8,1
cc6a4f22-4281-40ec-bd79-8756275e0672,2021-01-28,0,0,8,8,1
cc6a4f22-4281-40ec-bd79-8756275e0672,2021-01-29,0,0,8,8,1
cc6a4f22-4281-40ec-bd79-8756275e0672,2021-01-30,0,0,8,8,1
cc6a4f22-4281-40ec-bd79-8756275e0672,2021-01-31,0,0,8,8,1
cc6a4f22-4281-40ec-bd79-8756275e0672,2021-02-03,0,0,8,8,1
cc6a4f22-4281-40ec-bd79-8756275e0672,2021-02-04,0,0,8,8,1
cc6a4f22-4281-40ec-bd79-8756275e0672,2021-02-05,0,0,8,8,1
cc6a4f22-4281-40ec-bd79-8756275e0672,2021-02-06,0,0,8,8,1
cc6a4f22-4281-40ec-bd79-8756275e0672,2021-02-07,0,0,8,8,1
cc6a4f22-4281-40ec-bd79-8756275e0672,2021-02-10,0,0,8,8,1
cc6a4f22-4281-40ec-bd79-8756275e0672,2021-02-11,0,0,8,8,1
cc6a4f22-4281-40ec-bd79-8756275e0672,2021-02-12,0,0,8,8,1
cc6a4f22-4281-40ec-bd79-8756275e0672,2021-02-13,0,0,8,8,1
cc6a4f22-4281-40ec-bd79-8756275e0672,2021-02-14,0,0,8,8,1
cc6a4f22-4281-40ec-bd79-8756275e0672,2021-02-17,0,0,8,8,1
cc6a4f22-4281-40ec-bd79-8756275e0672,2021-02-18,0,0,8,8,1
cc6a4f22-4281-40ec-bd79-8756275e0672,2021-02-19,0,0,8,8,1
cc6a4f22-4281-40ec-bd79-8756275e0672,2021-02-20,0,0,8,8,1
cc6a4f22-4281-40ec-bd79-8756275e0672,2021-02-21,0,0,8,8,1
cc6a4f22-4281-40ec-bd79-8756275e0672,2021-02-24,0,0,8,8,1
cc6a4f22-4281-40ec-bd79-8756275e0672,2021-02-25,0,0,8,8,1
cc6a4f22-4281-40ec-bd79-8756275e0672,2021-02-26,0,0,8,8,1
cc6a4f22-4281-40ec-bd79-8756275e0672,2021-02-27,0,0,8,8,1
cc6a4f22-4281-40ec-bd79-8756275e0672,2021-03-02,0,0,8,8,1
cc6a4f22-4281-40ec-bd79-8756275e0672,2021-03-03,0,0,8,8,1
cc6a4f22-4281-40ec-bd79-8756275e0672,2021-03-04,0,0,8,8,1
cc6a4f22-4281-40ec-bd79-8756275e0672,2021-03-05,0,0,8,8,1
cc6a4f22-4281-40ec-bd79-8756275e0672,2021-03-06,0,0,8,8,1
cc6a4f22-4281-40ec-bd79-8756275e0672,2021-03-09,0,0,8,8,1
cc6a4f22-4281-40ec-bd79-8756275e0672,2021-03-10,0,0,8,8,1
cc6a4f22-4281-40ec-bd79-8756275e0672,2021-03-11,0,0,8,8,1
cc6a4f22-4281-40ec-bd79-8756275e0672,2021-03-12,0,0,8,8,1
cc6a4f22-4281-40ec-bd79-8756275e0672,2021-03-13,0,0,8,8,1
cc6a4f22-4281-40ec-bd79-8756275e0672,2021-03-16,0,0,8,8,1
cc6a4f22-4281-40ec-bd79-8756275e0672,2021-03-17,0,0,8,8,1
cc6a4f22-4281-40ec-bd79-8756275e0672,2021-03-18,0,0,8,8,1
cc6a4f22-4281-40ec-bd79-8756275e0672,2021-03-19,0,0,8,8,1
cc6a4f22-4281-40ec-bd79-8756275e0672,2021-03-20,0,0,8,8,1
cc6a4f22-4281-40ec-bd79-8756275e0672,2021-03-23,0,0,8,8,1
cc6a4f22-4281-40ec-bd79-8756275e0672,2021-03-24,0,0,8,8,1
cc6a4f22-4281-40ec-bd79-8756275e0672,2021-03-25,0,0,8,8,1
cc6a4f22-4281-40ec-bd79-8756275e0672,2021-03-26,0,0,8,8,1
cc6a4f22-4281-40ec-bd79-8756275e0672,2021-03-27,0,0,8,8,1
cc6a4f22-4281-40ec-bd79-8756275e0672,2021-03-30,0,0,8,8,1
cc6a4f22-4281-40ec-bd79-8756275e0672,2021-03-31,0,0,8,8,1
fc6a4f22-4281-40ec-bd79-8756275e0672,2021-01-01,0,0,8,8,1
fc6a4f22-4281-40ec-bd79-8756275e0672,2021-01-02,0,0,8,8,1
fc6a4f22-4281-40ec-bd79-8756275e0672,2021-01-03,0,0,8,8,1
fc6a4f22-4281-40ec-bd79-8756275e0672,2021-01-06,0,0,8,8,1
fc6a4f22-4281-40ec-bd79-8756275e0672,2021-01-07,0,0,8,8,1
fc6a4f22-4281-40ec-bd79-8756275e0672,2021-01-08,0,0,8,8,1
fc6a4f22-4281-40ec-bd79-8756275e0672,2021-01-09,0,0,8,8,1
fc6a4f22-4281-40ec-bd79-8756275e0672,2021-01-10,0,0,8,8,1
fc6a4f22-4281-40ec-bd79-8756275e0672,2021-01-13,0,0,8,8,1
fc6a4f22-4281-40ec-bd79-8756275e0672,2021-01-14,0,0,8,8,1
fc6a4f22-4281-40ec-bd79-8756275e0672,2021-01-15,0,0,8,8,1
fc6a4f22-4281-40ec-bd79-8756275e0672,2021-01-16,0,0,8,8,1
fc6a4f22-4281-40ec-bd79-8756275e0672,2021-01-17,0,0,8,8,1
fc6a4f22-4281-40ec-bd79-8756275e0672,2021-01-20,0,0,8,8,1
fc6a4f22-4281-40ec-bd79-8756275e0672,2021-01-21,0,0,8,8,1
fc6a4f22-4281-40ec-bd79-8756275e0672,2021-01-22,0,0,8,8,1
fc6a4f22-4281-40ec-bd79-8756275e0672,2021-01-23,0,0,8,8,1
fc6a4f22-4281-40ec-bd79-8756275e0672,2021-01-24,0,0,8,8,1
fc6a4f22-4281-40ec-bd79-8756275e0672,2021-01-27,0,0,8,8,1
fc6a4f22-4281-40ec-bd79-8756275e0672,2021-01-28,0,0,8,8,1
fc6a4f22-4281-40ec-bd79-8756275e0672,2021-01-29,0,0,8,8,1
fc6a4f22-4281-40ec-bd79-8756275e0672,2021-01-30,0,0,8,8,1
fc6a4f22-4281-40ec-bd79-8756275e0672,2021-01-31,0,0,8,8,1
fc6a4f22-4281-40ec-bd79-8756275e0672,2021-02-03,0,0,8,8,1
fc6a4f22-4281-40ec-bd79-8756275e0672,2021-02-04,0,0,8,8,1
fc6a4f22-4281-40ec-bd79-8756275e0672,2021-02-05,0,0,8,8,1
fc6a4f22-4281-40ec-bd79-8756275e0672,2021-02-06,0,0,8,8,1
fc6a4f22-4281-40ec-bd79-8756275e0672,2021-02-07,0,0,8,8,1
fc6a4f22-4281-40ec-bd79-8756275e0672,2021-02-10,0,0,8,8,1
fc6a4f22-4281-40ec-bd79-8756275e0672,2021-02-11,0,0,8,8,1
fc6a4f22-4281-40ec-bd79-8756275e0672,2021-02-12,0,0,8,8,1
fc6a4f22-4281-40ec-bd79-8756275e0672,2021-02-13,0,0,8,8,1
fc6a4f22-4281-40ec-bd79-8756275e0672,2021-02-14,0,0,8,8,1
fc6a4f22-4281-40ec-bd79-8756275e0672,2021-02-17,0,0,8,8,1
fc6a4f22-4281-40ec-bd79-8756275e0672,2021-02-18,0,0,8,8,1
fc6a4f22-4281-40ec-bd79-8756275e0672,2021-02-19,0,0,8,8,1
fc6a4f22-4281-40ec-bd79-8756275e0672,2021-02-20,0,0,8,8,1
fc6a4f22-4281-40ec-bd79-8756275e0672,2021-02-21,0,0,8,8,1
fc6a4f22-4281-40ec-bd79-8756275e0672,2021-02-24,0,0,8,8,1
fc6a4f22-4281-40ec-bd79-8756275e0672,2021-02-25,0,0,8,8,1
fc6a4f22-4281-40ec-bd79-8756275e0672,2021-02-26,0,0,8,8,1
fc6a4f22-4281-40ec-bd79-8756275e0672,2021-02-27,0,0,8,8,1
fc6a4f22-4281-40ec-bd79-8756275e0672,2021-03-02,0,0,8,8,1
fc6a4f22-4281-40ec-bd79-8756275e0672,2021-03-03,0,0,8,8,1
fc6a4f22-4281-40ec-bd79-8756275e0672,2021-03-04,0,0,8,8,1
fc6a4f22-4281-40ec-bd79-8756275e0672,2021-03-05,0,0,8,8,1
fc6a4f22-4281-40ec-bd79-8756275e0672,2021-03-06,0,0,8,8,1
fc6a4f22-4281-40ec-bd79-8756275e0672,2021-03-09,0,0,8,8,1
fc6a4f22-4281-40ec-bd79-8756275e0672,2021-03-10,0,0,8,8,1
fc6a4f22-4281-40ec-bd79-8756275e0672,2021-03-11,0,0,8,8,1
fc6a4f22-4281-40ec-bd79-8756275e0672,2021-03-12,0,0,8,8,1
fc6a4f22-4281-40ec-bd79-8756275e0672,2021-03-13,0,0,8,8,1
fc6a4f22-4281-40ec-bd79-8756275e0672,2021-03-16,0,0,8,8,1
fc6a4f22-4281-40ec-bd79-8756275e0672,2021-03-17,0,0,8,8,1
fc6a4f22-4281-40ec-bd79-8756275e0672,2021-03-18,0,0,8,8,1
fc6a4f22-4281-40ec-bd79-8756275e0672,2021-03-19,0,0,8,8,1
fc6a4f22-4281-40ec-bd79-8756275e0672,2021-03-20,0,0,8,8,1
fc6a4f22-4281-40ec-bd79-8756275e0672,2021-03-23,0,0,8,8,1
fc6a4f22-4281-40ec-bd79-8756275e0672,2021-03-24,0,0,8,8,1
fc6a4f22-4281-40ec-bd79-8756275e0672,2021-03-25,0,0,8,8,1
fc6a4f22-4281-40ec-bd79-8756275e0672,2021-03-26,0,0,8,8,1
fc6a4f22-4281-40ec-bd79-8756275e0672,2021-03-27,0,0,8,8,1
fc6a4f22-4281-40ec-bd79-8756275e0672,2021-03-30,0,0,8,8,1
fc6a4f22-4281-40ec-bd79-8756275e0672,2021-03-31,0,0,8,8,1