ID,startDate,costCenter,costCenterID,costCenterName,emailAddress,mobileNumber,country,resourceName,firstName,lastName,jobTitle,managerName,avgUtilization
cc6a4f22-4281-40ec-bd79-8756275e0672,2014-07-30,CCDE (CCDE),CCDE,CCDE,,,Germany,,,,Senior Consultant,,0
cc6a4f22-4281-40ec-bd79-8756275e0672,2014-07-30,CCDE (CCDE),CCDE,CCDE,,,Germany,,,,Senior Consultant,,0
6806862a-3788-441c-9b00-bd52013711b3,2015-10-31,CCDE (CCDE),CCDE,CCDE,,,Germany,,,,Resource Manager,,0
d771ad92-26e5-4aed-9173-49406112b5b2,2012-09-14,CCDE (CCDE),CCDE,CCDE,,,Germany,,,,Junior Consultant,,0
