ID,startDate,costCenter,costCenterID,costCenterName,emailAddress,mobileNumber,country,resourceName,firstName,lastName,jobTitle,managerName,workforcePersonID,avgUtilization,bookedHours,availableHours
dc6a4f22-4281-40ec-bd79-8756275e0672,2021-07-30,CCDE (CCDE),CCDE,CCDE,angela.yang11@sap.com,+91-81419-41010,Germany,Angela Yang,Angela,Yang,Junior Consultant,darth.vader (Darth Vader),fe5535fb-83ea-474b-8567-6a110697173c,0,0,200
e8dd2db2-501f-4f46-8af0-4613a3a3549f,2015-08-15,CCDE (CCDE),CCDE,CCDE,calvin.hobbes@sap.com,+1-418-5100005,Germany,Calvin Hobbes,Calvin,Hobbes,Junior Consultant,darth.vader (Darth Vader),b10f9f9c-150c-4e38-8ec4-6a7d02df0614,0,0,-44
fc6a4f22-4281-40ec-bd79-8756275e0672,2014-07-30,CCDE (CCDE),CCDE,CCDE,darth.vader@sap.com,+91-81419-41006,Germany,Darth Vader,Darth,Vader,Senior Consultant,darth.vader (Darth Vader),ce5535fb-83ea-474b-8567-6a110697173c,79,120,152
cc6a4f22-4281-40ec-bd79-8756275e0672,2014-07-30,CCDE (CCDE),CCDE,CCDE,katie.lerhihan11@sap.com,+91-81419-41009,Germany,Katie Lerhihan,Katie,Lerhihan,Senior Consultant,darth.vader (Darth Vader),ee5535fb-83ea-474b-8567-6a110697173c,0,0,200
d771ad92-26e5-4aed-9173-49406112b5b2,2012-09-14,CCIN (CCIN),CCIN,CCIN,luke.skywalker@sap.com,+91-81419-41004,Germany,Luke Skywalker,Luke,Skywalker,Junior Consultant,darth.vader (Darth Vader),831bdc1a-3c89-4df7-b1af-505ee0444c54,68,120,176
ac6a4f22-4281-40ec-bd79-8756275e0672,2021-07-30,CCDE (CCDE),CCDE,CCDE,matthias.braun11@sap.com,+91-81419-41007,Germany,Matthias Braun,Matthias,Braun,Senior Consultant,darth.vader (Darth Vader),ae5535fb-83ea-474b-8567-6a110697173c,0,0,200
11942b97-d7ce-4cb0-90db-6430288a32bc,2017-03-21,CCIN (CCIN),CCIN,CCIN,mister.smith@sap.com,+1-419-6100003,Germany,Mister Smith,Mister,Smith,Senior Consultant,darth.vader (Darth Vader),7fa2fd3f-d13e-4788-a57c-d7040adf7751,0,0,176
6806862a-3788-441c-9b00-bd52013711b3,2015-10-31,CCDE (CCDE),CCDE,CCDE,santa.claus@sap.com,+49-6227-31002,Germany,Santa Claus,Santa,Claus,Resource Manager,darth.vader (Darth Vader),5e04af13-bf05-4745-a320-42523752ea1c,60,120,200