ID,JobDetailsID,validFrom,validTo,costCenterID,startDate,endDate,emailAddress,mobileNumber,resourceName,firstName,lastName,workforcePersonID,avgUtilization,bookedHours,availableHours,freeHours,managerName,jobTitle,country,countryCode,resourceOrganizationName,resourceOrganizationId,costCenter,costCenterName,costCenterForDisplay,resourceOrganizationNameForDisplay,resourceOrganizationIdForDisplay,workerType,assignmentExistsForTheResource
6806862a-3788-441c-9b00-bd52013711b3,a1710d48-046b-11ea-8d71-362b9e155667,2011-06-15,9999-12-31,CCDE,2015-10-31,9999-12-31,santa.claus@sap.com,+49-6227-31002,Santa Claus,Santa,Claus,5e04af13-bf05-4745-a320-42523752ea1c,60,120,200,80,darth.vader (Darth Vader),Resource Manager,Germany,DE,null,null,CCDE (CCDE),CCDE,CCDE (CCDE),null,null,External Worker,false
e8dd2db2-501f-4f46-8af0-4613a3a3549f,a171094e-046b-11ea-8d71-362b9e155667,2021-07-01,9999-12-31,CCDE,2015-08-15,9999-12-31,calvin.hobbes@sap.com,+1-418-5100005,Calvin Hobbes,Calvin,Hobbes,b10f9f9c-150c-4e38-8ec4-6a7d02df0614,0,0,-44,null,darth.vader (Darth Vader),Junior Consultant,Germany,DE,null,null,CCDE (CCDE),CCDE,CCDE (CCDE),null,null,External Worker,false
11942b97-d7ce-4cb0-90db-6430288a32bc,a1710bfe-046b-11ea-8d71-362b9e155667,2014-07-30,9999-12-31,CCIN,2017-03-21,9999-12-31,mister.smith@sap.com,+1-419-6100003,Mister Smith,Mister,Smith,7fa2fd3f-d13e-4788-a57c-d7040adf7751,0,0,176,null,darth.vader (Darth Vader),Senior Consultant,Germany,DE,null,null,CCIN (CCIN),CCIN,CCIN (CCIN),null,null,Employee,false
ac6a4f22-4281-40ec-bd79-8756275e0672,b1710604-046b-11ea-8d71-362b9e155667,2017-03-21,9999-12-31,CCDE,2021-07-30,2021-12-31,matthias.braun11@sap.com,+91-81419-41007,Matthias Braun,Matthias,Braun,ae5535fb-83ea-474b-8567-6a110697173c,0,0,200,null,darth.vader (Darth Vader),Senior Consultant,Germany,DE,null,null,CCDE (CCDE),CCDE,CCDE (CCDE),null,null,Employee,false
fc6a4f22-4281-40ec-bd79-8756275e0672,a1710604-046b-11ea-8d71-362b9e155667,2017-03-21,9999-12-31,CCDE,2014-07-30,2021-12-31,darth.vader@sap.com,+91-81419-41006,Darth Vader,Darth,Vader,ce5535fb-83ea-474b-8567-6a110697173c,79,120,152,null,darth.vader (Darth Vader),Senior Consultant,Germany,DE,null,null,CCDE (CCDE),CCDE,CCDE (CCDE),null,null,Employee,false
d771ad92-26e5-4aed-9173-49406112b5b2,a1710984-046b-11ea-8d71-362b9e155667,2021-07-01,9999-12-31,CCIN,2012-09-14,9999-12-31,luke.skywalker@sap.com,+91-81419-41004,Luke Skywalker,Luke,Skywalker,831bdc1a-3c89-4df7-b1af-505ee0444c54,68,120,176,null,darth.vader (Darth Vader),Junior Consultant,Germany,DE,null,null,CCIN (CCIN),CCIN,CCIN (CCIN),null,null,Employee,false
dc6a4f22-4281-40ec-bd79-8756275e0672,e1710604-046b-11ea-8d71-362b9e155667,2017-03-21,9999-12-31,CCDE,2021-07-30,2026-12-31,angela.yang11@sap.com,+91-81419-41010,Angela Yang,Angela,Yang,fe5535fb-83ea-474b-8567-6a110697173c,0,0,200,null,darth.vader (Darth Vader),Junior Consultant,Germany,DE,null,null,CCDE (CCDE),CCDE,CCDE (CCDE),null,null,Employee,false