ID,startDate,costCenter,costCenterID,costCenterName,emailAddress,mobileNumber,country,resourceName,firstName,lastName,role,managerName,avgUtilization,bookedHours,availableHours
d771ad92-26e5-4aed-9173-49406112b5b2,2012-09-14,CCDE (CCDE),CCDE,CCDE,null,null,Germany,null,null,null,Junior Consultant,null,0,0,1032
cc6a4f22-4281-40ec-bd79-8756275e0672,2014-07-30,CCDE (CCDE),CCDE,CCDE,null,null,Germany,null,null,null,Senior Consultant,null,0,0,1032
fc6a4f22-4281-40ec-bd79-8756275e0672,2014-07-30,CCDE (CCDE),CCDE,CCDE,null,null,Germany,null,null,null,Senior Consultant,null,0,0,1032
6806862a-3788-441c-9b00-bd52013711b3,2015-10-31,CCDE (CCDE),CCDE,CCDE,null,null,Germany,null,null,null,Resource Manager,null,0,0,1032
