ID,timePeriod,utilization,bookedHours,availableHours,freeHours,utilizationColor
d771ad92-26e5-4aed-9173-49406112b5b2,202110,41,73,176,103,1
11942b97-d7ce-4cb0-90db-6430288a32bc,202110,0,0,176,176,1
fc6a4f22-4281-40ec-bd79-8756275e0672,202110,42,64,152,88,1
e8dd2db2-501f-4f46-8af0-4613a3a3549f,202110,0,0,-44,-44,1
cc6a4f22-4281-40ec-bd79-8756275e0672,202110,0,0,200,200,1
6806862a-3788-441c-9b00-bd52013711b3,202110,44,88,200,112,1
ac6a4f22-4281-40ec-bd79-8756275e0672,202110,0,0,200,200,1
dc6a4f22-4281-40ec-bd79-8756275e0672,202110,0,0,200,200,1