resourceRequest_ID,requestDisplayId,requestName,requestStartDate,requestEndDate
b2bd4ab2-dbd3-85ed-a5d3-90b1d33a285b,3097071,AsgnReq1,2018-01-01,2019-12-31
4cc7b652-67f2-849a-9852-7f37d64c5931,3097072,AsgnReq2,2018-01-01,2019-12-31
f7fc0d32-58eb-8539-9987-79222e6f9889,3097073,AsgnReq3,2018-01-01,2019-12-31
7e6bbaf2-8979-890d-badb-6b2c3c37e0eb,3097074,AsgnReq4,2018-01-01,2019-12-31
b0a36b22-8f82-8038-bc46-712ba0738362,3097075,AsgnReq5,2018-01-01,2019-12-31
,,,,
