ID,resourceRequest_ID,resource_ID,bookedCapacityInMinutes,MODIFIEDAT,CREATEDAT,CREATEDBY,MODIFIEDBY
93e9f9a1-6b78-42d1-8428-7abdbf386119,b2bd4ab7-dbd3-45ed-a5d3-90b1d33a285b,e8dd2db2-501f-4f46-8af0-4613a3a3549f,25440,,,,