ID,resourceRequest_ID,resource_ID,bookedCapacityInMinutes,MODIFIEDAT,CREATEDAT,CREATEDBY,MODIFIEDBY
ca4bf876-157c-2aab-a56c-87acb1d2c423,3aa7b653-67f2-123a-1323-7f37d64c4875,11941a86-d7df-4cc1-90bd-643028812cab,1380,,,,