ID,startDate,costCenter,costCenterID,costCenterName,emailAddress,mobileNumber,country,resourceName,firstName,lastName,jobTitle,managerName,avgUtilization
dc6a4f22-4281-40ec-bd79-8756275e0672,2021-07-30,CCDE (CCDE),CCDE,CCDE,,,Germany,,,,Junior Consultant,,0
cc6a4f22-4281-40ec-bd79-8756275e0672,2014-07-30,CCDE (CCDE),CCDE,CCDE,,,Germany,,,,Senior Consultant,,0
fc6a4f22-4281-40ec-bd79-8756275e0672,2014-07-30,CCDE (CCDE),CCDE,CCDE,,,Germany,,,,Senior Consultant,,93
6806862a-3788-441c-9b00-bd52013711b3,2015-10-31,CCDE (CCDE),CCDE,CCDE,,,Germany,,,,Resource Manager,,36
ac6a4f22-4281-40ec-bd79-8756275e0672,2021-07-30,CCDE (CCDE),CCDE,CCDE,,,Germany,,,,Senior Consultant,,0
e8dd2db2-501f-4f46-8af0-4613a3a3549f,2015-08-15,CCDE (CCDE),CCDE,CCDE,,,Germany,,,,Junior Consultant,,0