ID,resourceRequest_ID,resource_ID,bookedCapacityInMinutes,MODIFIEDAT,CREATEDAT,CREATEDBY,MODIFIEDBY
a174e817-55fb-45ab-bbb7-7564ae29cf29,b2bd4ab7-dbd3-45ed-a5d3-90b1d33a285b,d771ad92-26e5-4aed-9173-49406112b5b2,7200,,,,