ID,freeResourcesCount,resourceCount,totalAvgUtilPercentage,overstaffedResourcesCount,totalAvgUtilColor,costCenterID,avgUtilization,bookedHours,availableHours,startDate,endDate
004808d7-9643-4f8d-8bc5-a9b49bbb0a7b,7,8,0,0,1,1232,null,,,2020-01-01,2020-12-31
