ID,freeResourcesCount,resourceCount,totalAvgUtilPercentage,overstaffedResourcesCount,totalAvgUtilColor,costCenterID,avgUtilization,bookedHours,availableHours,startDate,endDate
004808d7-9643-4f8d-8bc5-a9b49bbb0a7b,5,8,0,3,1,1232,null,,,2021-05-27,2021-05-27
