ID,resourceRequest_ID,resource_ID,bookedCapacityInMinutes,MODIFIEDAT,CREATEDAT,CREATEDBY,MODIFIEDBY
3a4fb678-157c-32ae-a56c-87acb1d2ae23,9ce7b453-67f2-123a-1433-7f37d74a5184,11941a86-d7df-4cc1-90bd-643028812cab,8880,,,,