ID,resourceRequest_ID,resource_ID,bookedCapacityInMinutes,MODIFIEDAT,CREATEDAT,CREATEDBY,MODIFIEDBY
4de5ec50-82ef-4a46-9e5d-e8d6b1e587c9,4cc7b653-67f2-449a-9852-7f37d64c5931,e8dd2db2-501f-4f46-8af0-4613a3a3549f,12000,,,,